// Jest Snapshot v1, https://goo.gl/fbAQLP

exports[`Triangles component Should render Triangles component 1`] = `
<div
  className="triangles"
>
  <div
    className="triangles__item triangles__item_one"
  />
  <div
    className="triangles__item triangles__item_two"
  />
  <div
    className="triangles__item triangles__item_three"
  />
</div>
`;
